// Jest Snapshot v1, https://goo.gl/fbAQLP

exports[`<Machine /> should match snapshot 1`] = `
<div>
  <div
    class="container"
  >
    <div
      class="row"
      style="margin-top: 10px;"
    >
      <div
        class="col-md-1"
      >
        <div
          class="extruder"
        >
          Extruder
        </div>
      </div>
      <div
        class="col-md-1"
        style="position: relative;"
      >
        <div
          class="stamper"
        >
          Stamper
        </div>
      </div>
      <div
        class="col-md-2 offset-md-1"
      >
        <div
          class="oven"
          style="border-bottom: 15px solid #f2f2f2;"
        >
          <p
            style="margin: 0px;"
          >
            0
          </p>
        </div>
      </div>
    </div>
    <div
      class="row"
      style="position: relative;"
    />
    <div
      class="row"
      style="height: 75px;"
    />
    <div
      class="row"
      style="margin-top: 10px;"
    >
      <div
        class="col-md-6"
      >
        <p
          class="conveyor"
        >
          Conveyor
        </p>
      </div>
    </div>
    <div
      class="row"
      style="margin-top: 20px;"
    >
      <div
        class="col-md-2 offset-md-5"
      >
        <p
          class="biscuitContainer"
        >
          Container
        </p>
      </div>
    </div>
    <div
      class="row"
    >
      <div
        class="col-md-1"
      >
        <p
          class="motor"
        >
          Motor: 
          turned off
        </p>
      </div>
      <div
        class="col-md-2 offset-md-2"
      >
        <div
          style="padding: 5px; background-color: rgb(250, 220, 217); border-radius: 5px;"
        >
          <p>
            Switch
          </p>
          <button
            class="sc-bdvvtL eWZskW btn btn-primary"
            style="margin-right: 5px; background-color: rgb(171, 130, 129); border: gray;"
            type="button"
          >
            On
          </button>
          <button
            class="sc-bdvvtL eWZskW btn btn-primary"
            style="margin-right: 5px; background-color: rgb(171, 130, 129); border: gray;"
            type="button"
          >
            Paused
          </button>
          <button
            class="sc-bdvvtL eWZskW btn btn-primary"
            style="background-color: rgb(171, 130, 129); border: gray;"
            type="button"
          >
            Off
          </button>
        </div>
      </div>
    </div>
    <div
      class="row"
    >
      <form
        class=""
      >
        <div
          class="form-check form-switch"
        >
          <input
            class="form-check-input"
            type="checkbox"
          />
          <label
            class="form-check-label"
            title=""
          >
            Faster heating
          </label>
        </div>
      </form>
    </div>
    <div
      class="row"
    >
      <div>
        0
         baked biscuits
      </div>
    </div>
  </div>
</div>
`;
